
  .   ____          _            __ _ _
 /\\ / ___'_ __ _ _(_)_ __  __ _ \ \ \ \
( ( )\___ | '_ | '_| | '_ \/ _` | \ \ \ \
 \\/  ___)| |_)| | | | | || (_| |  ) ) ) )
  '  |____| .__|_| |_|_| |_\__, | / / / /
 =========|_|==============|___/=/_/_/_/

 :: Spring Boot ::                (v4.0.5)

2026-08-07T22:53:33.276+03:00  INFO 5484 --- [ObjectStoreDB] [           main] o.s.o.ObjectStoreDbApplication           : Starting ObjectStoreDbApplication v0.0.1-SNAPSHOT using Java 17.0.15 with PID 5484 (D:\projects\ObjectStoreDB\target\ObjectStoreDB-0.0.1-SNAPSHOT.jar started by mohamed shalash in D:\projects\ObjectStoreDB)
2026-08-07T22:53:33.289+03:00  INFO 5484 --- [ObjectStoreDB] [           main] o.s.o.ObjectStoreDbApplication           : No active profile set, falling back to 1 default profile: "default"
2026-08-07T22:53:34.462+03:00  INFO 5484 --- [ObjectStoreDB] [           main] .s.d.r.c.RepositoryConfigurationDelegate : Bootstrapping Spring Data JPA repositories in DEFAULT mode.
2026-08-07T22:53:34.570+03:00  INFO 5484 --- [ObjectStoreDB] [           main] .s.d.r.c.RepositoryConfigurationDelegate : Finished Spring Data repository scanning in 89 ms. Found 5 JPA repository interfaces.
2026-08-07T22:53:35.570+03:00  INFO 5484 --- [ObjectStoreDB] [           main] o.s.boot.tomcat.TomcatWebServer          : Tomcat initialized with port 8080 (http)
2026-08-07T22:53:35.589+03:00  INFO 5484 --- [ObjectStoreDB] [           main] o.apache.catalina.core.StandardService   : Starting service [Tomcat]
2026-08-07T22:53:35.589+03:00  INFO 5484 --- [ObjectStoreDB] [           main] o.apache.catalina.core.StandardEngine    : Starting Servlet engine: [Apache Tomcat/11.0.20]
2026-08-07T22:53:35.637+03:00  INFO 5484 --- [ObjectStoreDB] [           main] b.w.c.s.WebApplicationContextInitializer : Root WebApplicationContext: initialization completed in 2252 ms
2026-08-07T22:53:35.899+03:00  INFO 5484 --- [ObjectStoreDB] [           main] org.hibernate.orm.jpa                    : HHH008540: Processing PersistenceUnitInfo [name: default]
2026-08-07T22:53:36.023+03:00  INFO 5484 --- [ObjectStoreDB] [           main] org.hibernate.orm.core                   : HHH000001: Hibernate ORM core version 7.2.7.Final
2026-08-07T22:53:37.421+03:00  INFO 5484 --- [ObjectStoreDB] [           main] o.s.o.j.p.SpringPersistenceUnitInfo      : No LoadTimeWeaver setup: ignoring JPA class transformer
2026-08-07T22:53:37.511+03:00  INFO 5484 --- [ObjectStoreDB] [           main] com.zaxxer.hikari.HikariDataSource       : HikariPool-1 - Starting...
2026-08-07T22:53:37.820+03:00  INFO 5484 --- [ObjectStoreDB] [           main] com.zaxxer.hikari.pool.HikariPool        : HikariPool-1 - Added connection org.postgresql.jdbc.PgConnection@445058e8
2026-08-07T22:53:37.825+03:00  INFO 5484 --- [ObjectStoreDB] [           main] com.zaxxer.hikari.HikariDataSource       : HikariPool-1 - Start completed.
2026-08-07T22:53:37.868+03:00  WARN 5484 --- [ObjectStoreDB] [           main] org.hibernate.orm.deprecation            : HHH90000025: PostgreSQLDialect does not need to be specified explicitly using 'hibernate.dialect' (remove the property setting and it will be selected by default)
2026-08-07T22:53:37.909+03:00  INFO 5484 --- [ObjectStoreDB] [           main] org.hibernate.orm.connections.pooling    : HHH10001005: Database info:
	Database JDBC URL [jdbc:postgresql://localhost:5432/objectstoredb]
	Database driver: PostgreSQL JDBC Driver
	Database dialect: PostgreSQLDialect
	Database version: 18.1
	Default catalog/schema: objectstoredb/public
	Autocommit mode: undefined/unknown
	Isolation level: READ_COMMITTED [default READ_COMMITTED]
	JDBC fetch size: none
	Pool: DataSourceConnectionProvider
	Minimum pool size: undefined/unknown
	Maximum pool size: undefined/unknown
2026-08-07T22:53:39.475+03:00  INFO 5484 --- [ObjectStoreDB] [           main] org.hibernate.orm.core                   : HHH000489: No JTA platform available (set 'hibernate.transaction.jta.platform' to enable JTA platform integration)
2026-08-07T22:53:39.592+03:00  WARN 5484 --- [ObjectStoreDB] [           main] org.hibernate.orm.jdbc.warn              : HHH000247: ErrorCode: 0, SQLState: 00000
2026-08-07T22:53:39.592+03:00  WARN 5484 --- [ObjectStoreDB] [           main] org.hibernate.orm.jdbc.warn              : constraint "uk3d9lrpkkmn79cxvvrygcfgpno" of relation "credentials" does not exist, skipping
2026-08-07T22:53:39.602+03:00  WARN 5484 --- [ObjectStoreDB] [           main] org.hibernate.orm.jdbc.warn              : HHH000247: ErrorCode: 0, SQLState: 00000
2026-08-07T22:53:39.602+03:00  WARN 5484 --- [ObjectStoreDB] [           main] org.hibernate.orm.jdbc.warn              : constraint "ukanu82966n7wtxrgf01aady9np" of relation "permissions" does not exist, skipping
2026-08-07T22:53:39.610+03:00  WARN 5484 --- [ObjectStoreDB] [           main] org.hibernate.orm.jdbc.warn              : HHH000247: ErrorCode: 0, SQLState: 00000
2026-08-07T22:53:39.611+03:00  WARN 5484 --- [ObjectStoreDB] [           main] org.hibernate.orm.jdbc.warn              : constraint "uk4bq9ahrvmkm8noa1awptgg7fv" of relation "versions" does not exist, skipping
2026-08-07T22:53:39.630+03:00  INFO 5484 --- [ObjectStoreDB] [           main] j.LocalContainerEntityManagerFactoryBean : Initialized JPA EntityManagerFactory for persistence unit 'default'
2026-08-07T22:53:39.769+03:00  INFO 5484 --- [ObjectStoreDB] [           main] o.s.d.j.r.query.QueryEnhancerFactories   : Hibernate is in classpath; If applicable, HQL parser will be used.
2026-08-07T22:53:41.199+03:00  WARN 5484 --- [ObjectStoreDB] [           main] JpaBaseConfiguration$JpaWebConfiguration : spring.jpa.open-in-view is enabled by default. Therefore, database queries may be performed during view rendering. Explicitly configure spring.jpa.open-in-view to disable this warning
2026-08-07T22:53:41.742+03:00  INFO 5484 --- [ObjectStoreDB] [           main] o.s.boot.tomcat.TomcatWebServer          : Tomcat started on port 8080 (http) with context path '/'
2026-08-07T22:53:41.751+03:00  INFO 5484 --- [ObjectStoreDB] [           main] o.s.o.ObjectStoreDbApplication           : Started ObjectStoreDbApplication in 9.3 seconds (process running for 10.118)
2026-08-07T22:53:42.281+03:00  INFO 5484 --- [ObjectStoreDB] [           main] o.s.o.config.DataInitializer             : Seed data initialized
